Category: 📺央视频道, Name: CCTV-2, Total: 6, Valid: 1, Valid Percent: 16.67%, IPv4: 6, IPv6: 0, Min Delay: 10070 ms, Max Speed: 0.09 M/s, Avg Speed: 0.09 M/s, Max Resolution: 1920x1080
Category: 📺央视频道, Name: CCTV-1, Total: 9, Valid: 1, Valid Percent: 11.11%, IPv4: 9, IPv6: 0, Min Delay: 10615 ms, Max Speed: 0.24 M/s, Avg Speed: 0.24 M/s, Max Resolution: 1920x1080
Category: 📺央视频道, Name: CCTV-3, Total: 7, Valid: 1, Valid Percent: 14.29%, IPv4: 7, IPv6: 0, Min Delay: 10013 ms, Max Speed: 0.05 M/s, Avg Speed: 0.05 M/s, Max Resolution: 1920x1080
Category: 📺央视频道, Name: CCTV-4, Total: 6, Valid: 1, Valid Percent: 16.67%, IPv4: 6, IPv6: 0, Min Delay: 10076 ms, Max Speed: 0.09 M/s, Avg Speed: 0.09 M/s, Max Resolution: 1920x1080
Category: 📺央视频道, Name: CCTV-5, Total: 8, Valid: 2, Valid Percent: 25.00%, IPv4: 8, IPv6: 0, Min Delay: 10110 ms, Max Speed: 0.16 M/s, Avg Speed: 0.09 M/s, Max Resolution: 1920x1080
Category: 📺央视频道, Name: CCTV-5+, Total: 4, Valid: 1, Valid Percent: 25.00%, IPv4: 4, IPv6: 0, Min Delay: 10297 ms, Max Speed: 0.23 M/s, Avg Speed: 0.23 M/s, Max Resolution: 1920x1080
Category: 📺央视频道, Name: CCTV-6, Total: 8, Valid: 2, Valid Percent: 25.00%, IPv4: 8, IPv6: 0, Min Delay: 10113 ms, Max Speed: 0.15 M/s, Avg Speed: 0.12 M/s, Max Resolution: 1920x1080
Category: 📺央视频道, Name: CCTV-7, Total: 8, Valid: 1, Valid Percent: 12.50%, IPv4: 8, IPv6: 0, Min Delay: 10761 ms, Max Speed: 0.12 M/s, Avg Speed: 0.12 M/s, Max Resolution: 1920x1080
Category: 📺央视频道, Name: CCTV-8, Total: 7, Valid: 1, Valid Percent: 14.29%, IPv4: 7, IPv6: 0, Min Delay: 10131 ms, Max Speed: 0.11 M/s, Avg Speed: 0.11 M/s, Max Resolution: 1920x1080
Category: 📺央视频道, Name: CCTV-9, Total: 6, Valid: 1, Valid Percent: 16.67%, IPv4: 6, IPv6: 0, Min Delay: 10523 ms, Max Speed: 0.15 M/s, Avg Speed: 0.15 M/s, Max Resolution: 1920x1080
Category: 📺央视频道, Name: CCTV-10, Total: 7, Valid: 1, Valid Percent: 14.29%, IPv4: 7, IPv6: 0, Min Delay: 10125 ms, Max Speed: 0.16 M/s, Avg Speed: 0.16 M/s, Max Resolution: 1920x1080
Category: 📺央视频道, Name: CCTV-11, Total: 7, Valid: 1, Valid Percent: 14.29%, IPv4: 7, IPv6: 0, Min Delay: 10107 ms, Max Speed: 0.09 M/s, Avg Speed: 0.09 M/s, Max Resolution: 1920x1080
Category: 📺央视频道, Name: CCTV-12, Total: 7, Valid: 1, Valid Percent: 14.29%, IPv4: 7, IPv6: 0, Min Delay: 10056 ms, Max Speed: 0.30 M/s, Avg Speed: 0.30 M/s, Max Resolution: 1920x1080
Category: 📡卫视频道, Name: 香港卫视, Total: 2, Valid: 0, Valid Percent: 0.00%, IPv4: 2, IPv6: 0, Min Delay: -1 ms, Max Speed: 0.00 M/s, Avg Speed: 0.00 M/s, Max Resolution: None
Category: 📺央视频道, Name: CCTV-13, Total: 7, Valid: 1, Valid Percent: 14.29%, IPv4: 7, IPv6: 0, Min Delay: 10347 ms, Max Speed: 0.26 M/s, Avg Speed: 0.26 M/s, Max Resolution: 1920x1080
Category: 📺央视频道, Name: CCTV-14, Total: 7, Valid: 1, Valid Percent: 14.29%, IPv4: 7, IPv6: 0, Min Delay: 10047 ms, Max Speed: 0.16 M/s, Avg Speed: 0.16 M/s, Max Resolution: 1920x1080
Category: 📺央视频道, Name: CCTV-15, Total: 6, Valid: 1, Valid Percent: 16.67%, IPv4: 6, IPv6: 0, Min Delay: 10370 ms, Max Speed: 0.25 M/s, Avg Speed: 0.25 M/s, Max Resolution: 1920x1080
Category: 📺央视频道, Name: CCTV-16, Total: 6, Valid: 1, Valid Percent: 16.67%, IPv4: 6, IPv6: 0, Min Delay: 453 ms, Max Speed: 9.55 M/s, Avg Speed: 9.55 M/s, Max Resolution: 1920x1080
Category: 📺央视频道, Name: CCTV-17, Total: 4, Valid: 1, Valid Percent: 25.00%, IPv4: 4, IPv6: 0, Min Delay: 596 ms, Max Speed: 4.23 M/s, Avg Speed: 4.23 M/s, Max Resolution: 1920x1080
Category: 📡卫视频道, Name: 湖南卫视, Total: 6, Valid: 2, Valid Percent: 33.33%, IPv4: 6, IPv6: 0, Min Delay: 603 ms, Max Speed: 7.13 M/s, Avg Speed: 3.62 M/s, Max Resolution: 1920x1080
Category: 📡卫视频道, Name: 广东卫视, Total: 5, Valid: 1, Valid Percent: 20.00%, IPv4: 5, IPv6: 0, Min Delay: 10498 ms, Max Speed: 0.34 M/s, Avg Speed: 0.34 M/s, Max Resolution: None
Category: 📡卫视频道, Name: 浙江卫视, Total: 6, Valid: 3, Valid Percent: 50.00%, IPv4: 6, IPv6: 0, Min Delay: 1006 ms, Max Speed: 7.82 M/s, Avg Speed: 2.78 M/s, Max Resolution: 1920x1080
Category: 📡卫视频道, Name: 东方卫视, Total: 5, Valid: 2, Valid Percent: 40.00%, IPv4: 5, IPv6: 0, Min Delay: 557 ms, Max Speed: 7.53 M/s, Avg Speed: 5.04 M/s, Max Resolution: 1920x1080
Category: 📡卫视频道, Name: 北京卫视, Total: 6, Valid: 1, Valid Percent: 16.67%, IPv4: 6, IPv6: 0, Min Delay: 10208 ms, Max Speed: 0.39 M/s, Avg Speed: 0.39 M/s, Max Resolution: 1920x1080
Category: 📡卫视频道, Name: 湖北卫视, Total: 5, Valid: 1, Valid Percent: 20.00%, IPv4: 5, IPv6: 0, Min Delay: 10441 ms, Max Speed: 0.30 M/s, Avg Speed: 0.30 M/s, Max Resolution: 1920x1080
Category: 📡卫视频道, Name: 黑龙江卫视, Total: 3, Valid: 1, Valid Percent: 33.33%, IPv4: 3, IPv6: 0, Min Delay: 10159 ms, Max Speed: 0.26 M/s, Avg Speed: 0.26 M/s, Max Resolution: 1920x1080
Category: 📡卫视频道, Name: 安徽卫视, Total: 3, Valid: 1, Valid Percent: 33.33%, IPv4: 3, IPv6: 0, Min Delay: 10020 ms, Max Speed: 0.32 M/s, Avg Speed: 0.32 M/s, Max Resolution: 1920x1080
Category: 📡卫视频道, Name: 重庆卫视, Total: 5, Valid: 2, Valid Percent: 40.00%, IPv4: 5, IPv6: 0, Min Delay: 1200 ms, Max Speed: 1.60 M/s, Avg Speed: 0.98 M/s, Max Resolution: 1920x1080
Category: 📡卫视频道, Name: 东南卫视, Total: 6, Valid: 2, Valid Percent: 33.33%, IPv4: 6, IPv6: 0, Min Delay: 576 ms, Max Speed: 3.59 M/s, Avg Speed: 1.89 M/s, Max Resolution: 1920x1080
Category: 📡卫视频道, Name: 广西卫视, Total: 5, Valid: 1, Valid Percent: 20.00%, IPv4: 5, IPv6: 0, Min Delay: 1010 ms, Max Speed: 2.21 M/s, Avg Speed: 2.21 M/s, Max Resolution: 1920x1080
Category: 📡卫视频道, Name: 甘肃卫视, Total: 4, Valid: 0, Valid Percent: 0.00%, IPv4: 4, IPv6: 0, Min Delay: 10220 ms, Max Speed: 0.00 M/s, Avg Speed: 0.00 M/s, Max Resolution: None
Category: 📡卫视频道, Name: 贵州卫视, Total: 5, Valid: 1, Valid Percent: 20.00%, IPv4: 5, IPv6: 0, Min Delay: 10633 ms, Max Speed: 0.48 M/s, Avg Speed: 0.48 M/s, Max Resolution: 1920x1080
Category: 📡卫视频道, Name: 海南卫视, Total: 6, Valid: 2, Valid Percent: 33.33%, IPv4: 6, IPv6: 0, Min Delay: 3437 ms, Max Speed: 1.58 M/s, Avg Speed: 0.95 M/s, Max Resolution: 1920x1080
Category: 📡卫视频道, Name: 河北卫视, Total: 5, Valid: 2, Valid Percent: 40.00%, IPv4: 5, IPv6: 0, Min Delay: 2900 ms, Max Speed: 1.18 M/s, Avg Speed: 0.72 M/s, Max Resolution: 1920x1080
Category: 📡卫视频道, Name: 河南卫视, Total: 6, Valid: 2, Valid Percent: 33.33%, IPv4: 6, IPv6: 0, Min Delay: 42 ms, Max Speed: 16.19 M/s, Avg Speed: 8.18 M/s, Max Resolution: 1920x1080
Category: 📡卫视频道, Name: 吉林卫视, Total: 5, Valid: 0, Valid Percent: 0.00%, IPv4: 5, IPv6: 0, Min Delay: 10781 ms, Max Speed: 0.00 M/s, Avg Speed: 0.00 M/s, Max Resolution: None
Category: 📡卫视频道, Name: 江苏卫视, Total: 5, Valid: 1, Valid Percent: 20.00%, IPv4: 5, IPv6: 0, Min Delay: 10078 ms, Max Speed: 0.26 M/s, Avg Speed: 0.26 M/s, Max Resolution: 1920x1080
Category: 📡卫视频道, Name: 内蒙古卫视, Total: 4, Valid: 2, Valid Percent: 50.00%, IPv4: 4, IPv6: 0, Min Delay: 2376 ms, Max Speed: 1.37 M/s, Avg Speed: 0.82 M/s, Max Resolution: 720x576
Category: 📡卫视频道, Name: 江西卫视, Total: 5, Valid: 1, Valid Percent: 20.00%, IPv4: 5, IPv6: 0, Min Delay: 10559 ms, Max Speed: 0.30 M/s, Avg Speed: 0.30 M/s, Max Resolution: 1920x1080
Category: 📡卫视频道, Name: 辽宁卫视, Total: 5, Valid: 1, Valid Percent: 20.00%, IPv4: 5, IPv6: 0, Min Delay: 10344 ms, Max Speed: 0.30 M/s, Avg Speed: 0.30 M/s, Max Resolution: 1920x1080
Category: 📡卫视频道, Name: 宁夏卫视, Total: 3, Valid: 1, Valid Percent: 33.33%, IPv4: 3, IPv6: 0, Min Delay: 2814 ms, Max Speed: 1.06 M/s, Avg Speed: 1.06 M/s, Max Resolution: 720x576
Category: 📡卫视频道, Name: 山东卫视, Total: 5, Valid: 2, Valid Percent: 40.00%, IPv4: 5, IPv6: 0, Min Delay: 10549 ms, Max Speed: 0.36 M/s, Avg Speed: 0.20 M/s, Max Resolution: 1920x1080
Category: 📡卫视频道, Name: 青海卫视, Total: 4, Valid: 0, Valid Percent: 0.00%, IPv4: 4, IPv6: 0, Min Delay: 10649 ms, Max Speed: 0.00 M/s, Avg Speed: 0.00 M/s, Max Resolution: None
Category: 📡卫视频道, Name: 陕西卫视, Total: 4, Valid: 2, Valid Percent: 50.00%, IPv4: 4, IPv6: 0, Min Delay: 1014 ms, Max Speed: 3.54 M/s, Avg Speed: 1.94 M/s, Max Resolution: 1920x1080
Category: 📡卫视频道, Name: 山西卫视, Total: 4, Valid: 2, Valid Percent: 50.00%, IPv4: 4, IPv6: 0, Min Delay: 5828 ms, Max Speed: 0.35 M/s, Avg Speed: 0.24 M/s, Max Resolution: 1920x1080
Category: 📡卫视频道, Name: 三沙卫视, Total: 2, Valid: 2, Valid Percent: 100.00%, IPv4: 2, IPv6: 0, Min Delay: 1636 ms, Max Speed: 0.28 M/s, Avg Speed: 0.27 M/s, Max Resolution: 1280x720
Category: ☘️广东频道, Name: 广东新闻, Total: 1, Valid: 0, Valid Percent: 0.00%, IPv4: 1, IPv6: 0, Min Delay: -1 ms, Max Speed: 0.00 M/s, Avg Speed: 0.00 M/s, Max Resolution: None
Category: 📡卫视频道, Name: 四川卫视, Total: 4, Valid: 1, Valid Percent: 25.00%, IPv4: 4, IPv6: 0, Min Delay: 10343 ms, Max Speed: 0.19 M/s, Avg Speed: 0.19 M/s, Max Resolution: 1920x1080
Category: 📡卫视频道, Name: 深圳卫视, Total: 5, Valid: 2, Valid Percent: 40.00%, IPv4: 5, IPv6: 0, Min Delay: 10233 ms, Max Speed: 0.12 M/s, Avg Speed: 0.10 M/s, Max Resolution: 1920x1080
Category: 📡卫视频道, Name: 西藏卫视, Total: 3, Valid: 1, Valid Percent: 33.33%, IPv4: 3, IPv6: 0, Min Delay: 10080 ms, Max Speed: 0.24 M/s, Avg Speed: 0.24 M/s, Max Resolution: None
Category: ☘️广东频道, Name: 广州综合, Total: 1, Valid: 1, Valid Percent: 100.00%, IPv4: 1, IPv6: 0, Min Delay: 2260 ms, Max Speed: 0.43 M/s, Avg Speed: 0.43 M/s, Max Resolution: 1280x720
Category: 📡卫视频道, Name: 天津卫视, Total: 5, Valid: 2, Valid Percent: 40.00%, IPv4: 5, IPv6: 0, Min Delay: 10361 ms, Max Speed: 0.17 M/s, Avg Speed: 0.09 M/s, Max Resolution: 1920x1080
Category: ☘️广东频道, Name: 广东民生, Total: 2, Valid: 1, Valid Percent: 50.00%, IPv4: 2, IPv6: 0, Min Delay: 10705 ms, Max Speed: 0.01 M/s, Avg Speed: 0.01 M/s, Max Resolution: None
Category: ☘️广东频道, Name: 广州竞赛, Total: 1, Valid: 1, Valid Percent: 100.00%, IPv4: 1, IPv6: 0, Min Delay: 496 ms, Max Speed: 13.50 M/s, Avg Speed: 13.50 M/s, Max Resolution: 1280x720
Category: 📡卫视频道, Name: 新疆卫视, Total: 3, Valid: 0, Valid Percent: 0.00%, IPv4: 3, IPv6: 0, Min Delay: 10882 ms, Max Speed: 0.00 M/s, Avg Speed: 0.00 M/s, Max Resolution: None
Category: 📡卫视频道, Name: 云南卫视, Total: 6, Valid: 1, Valid Percent: 16.67%, IPv4: 6, IPv6: 0, Min Delay: 10030 ms, Max Speed: 0.14 M/s, Avg Speed: 0.14 M/s, Max Resolution: 1920x1080
Category: ☘️广东频道, Name: 大湾区卫视, Total: 5, Valid: 1, Valid Percent: 20.00%, IPv4: 5, IPv6: 0, Min Delay: 10918 ms, Max Speed: 0.82 M/s, Avg Speed: 0.82 M/s, Max Resolution: 1920x1080
Category: ☘️广东频道, Name: 广州影视, Total: 1, Valid: 0, Valid Percent: 0.00%, IPv4: 1, IPv6: 0, Min Delay: -1 ms, Max Speed: 0.00 M/s, Avg Speed: 0.00 M/s, Max Resolution: None
